MPLINK 4.49, Linker
Linker Map File - Created Sun May 15 18:23:29 2016

                                 Section Info
                  Section       Type    Address   Location Size(Bytes)
                ---------  ---------  ---------  ---------  ---------
                   .org_0       code   0x000000    program   0x000000
                   .org_1       code   0x000000    program   0x000002
                   .org_2       code   0x000004    program   0x000002
                   .org_3       code   0x000020    program   0x00017a
                   .org_4       code   0x000200    program   0x000018



                              Program Memory Usage 
                               Start         End      
                           ---------   ---------      
                            0x000000    0x000000      
                            0x000004    0x000004      
                            0x000020    0x0000dc      
                            0x000200    0x00020b      
            203 out of 8455 program addresses used, program memory utilization is 2%



                              Symbols - Sorted by Name
                     Name    Address   Location    Storage File                     
                ---------  ---------  ---------  --------- ---------                
                     aux1   0x00002e    program     static C:\Users\Pedro Lima\Desktop\Relogio_cronometro_micro\definitivo.asm
                    break   0x000079    program     static C:\Users\Pedro Lima\Desktop\Relogio_cronometro_micro\definitivo.asm
                       c1   0x000028    program     static C:\Users\Pedro Lima\Desktop\Relogio_cronometro_micro\definitivo.asm
                       c2   0x000029    program     static C:\Users\Pedro Lima\Desktop\Relogio_cronometro_micro\definitivo.asm
                       c3   0x00002a    program     static C:\Users\Pedro Lima\Desktop\Relogio_cronometro_micro\definitivo.asm
                       c4   0x00002b    program     static C:\Users\Pedro Lima\Desktop\Relogio_cronometro_micro\definitivo.asm
               cronometro   0x000064    program     static C:\Users\Pedro Lima\Desktop\Relogio_cronometro_micro\definitivo.asm
           cronometro_int   0x0000b0    program     static C:\Users\Pedro Lima\Desktop\Relogio_cronometro_micro\definitivo.asm
                  dec_lcd   0x000200    program     static C:\Users\Pedro Lima\Desktop\Relogio_cronometro_micro\definitivo.asm
                    delay   0x0000cf    program     static C:\Users\Pedro Lima\Desktop\Relogio_cronometro_micro\definitivo.asm
                     dig1   0x000022    program     static C:\Users\Pedro Lima\Desktop\Relogio_cronometro_micro\definitivo.asm
                     dig2   0x000023    program     static C:\Users\Pedro Lima\Desktop\Relogio_cronometro_micro\definitivo.asm
                     dig3   0x000024    program     static C:\Users\Pedro Lima\Desktop\Relogio_cronometro_micro\definitivo.asm
                     dig4   0x000025    program     static C:\Users\Pedro Lima\Desktop\Relogio_cronometro_micro\definitivo.asm
                     dig5   0x000026    program     static C:\Users\Pedro Lima\Desktop\Relogio_cronometro_micro\definitivo.asm
                     dig6   0x000027    program     static C:\Users\Pedro Lima\Desktop\Relogio_cronometro_micro\definitivo.asm
                   inicio   0x00002f    program     static C:\Users\Pedro Lima\Desktop\Relogio_cronometro_micro\definitivo.asm
                     loop   0x000057    program     static C:\Users\Pedro Lima\Desktop\Relogio_cronometro_micro\definitivo.asm
                     pula   0x00006d    program     static C:\Users\Pedro Lima\Desktop\Relogio_cronometro_micro\definitivo.asm
                  relogio   0x000087    program     static C:\Users\Pedro Lima\Desktop\Relogio_cronometro_micro\definitivo.asm
                     sair   0x0000ca    program     static C:\Users\Pedro Lima\Desktop\Relogio_cronometro_micro\definitivo.asm
                     temp   0x000020    program     static C:\Users\Pedro Lima\Desktop\Relogio_cronometro_micro\definitivo.asm
                   temp_s   0x00002d    program     static C:\Users\Pedro Lima\Desktop\Relogio_cronometro_micro\definitivo.asm
                   temp_w   0x00002c    program     static C:\Users\Pedro Lima\Desktop\Relogio_cronometro_micro\definitivo.asm



                              Symbols - Sorted by Address
                     Name    Address   Location    Storage File                     
                ---------  ---------  ---------  --------- ---------                
                     temp   0x000020    program     static C:\Users\Pedro Lima\Desktop\Relogio_cronometro_micro\definitivo.asm
                     dig1   0x000022    program     static C:\Users\Pedro Lima\Desktop\Relogio_cronometro_micro\definitivo.asm
                     dig2   0x000023    program     static C:\Users\Pedro Lima\Desktop\Relogio_cronometro_micro\definitivo.asm
                     dig3   0x000024    program     static C:\Users\Pedro Lima\Desktop\Relogio_cronometro_micro\definitivo.asm
                     dig4   0x000025    program     static C:\Users\Pedro Lima\Desktop\Relogio_cronometro_micro\definitivo.asm
                     dig5   0x000026    program     static C:\Users\Pedro Lima\Desktop\Relogio_cronometro_micro\definitivo.asm
                     dig6   0x000027    program     static C:\Users\Pedro Lima\Desktop\Relogio_cronometro_micro\definitivo.asm
                       c1   0x000028    program     static C:\Users\Pedro Lima\Desktop\Relogio_cronometro_micro\definitivo.asm
                       c2   0x000029    program     static C:\Users\Pedro Lima\Desktop\Relogio_cronometro_micro\definitivo.asm
                       c3   0x00002a    program     static C:\Users\Pedro Lima\Desktop\Relogio_cronometro_micro\definitivo.asm
                       c4   0x00002b    program     static C:\Users\Pedro Lima\Desktop\Relogio_cronometro_micro\definitivo.asm
                   temp_w   0x00002c    program     static C:\Users\Pedro Lima\Desktop\Relogio_cronometro_micro\definitivo.asm
                   temp_s   0x00002d    program     static C:\Users\Pedro Lima\Desktop\Relogio_cronometro_micro\definitivo.asm
                     aux1   0x00002e    program     static C:\Users\Pedro Lima\Desktop\Relogio_cronometro_micro\definitivo.asm
                   inicio   0x00002f    program     static C:\Users\Pedro Lima\Desktop\Relogio_cronometro_micro\definitivo.asm
                     loop   0x000057    program     static C:\Users\Pedro Lima\Desktop\Relogio_cronometro_micro\definitivo.asm
               cronometro   0x000064    program     static C:\Users\Pedro Lima\Desktop\Relogio_cronometro_micro\definitivo.asm
                     pula   0x00006d    program     static C:\Users\Pedro Lima\Desktop\Relogio_cronometro_micro\definitivo.asm
                    break   0x000079    program     static C:\Users\Pedro Lima\Desktop\Relogio_cronometro_micro\definitivo.asm
                  relogio   0x000087    program     static C:\Users\Pedro Lima\Desktop\Relogio_cronometro_micro\definitivo.asm
           cronometro_int   0x0000b0    program     static C:\Users\Pedro Lima\Desktop\Relogio_cronometro_micro\definitivo.asm
                     sair   0x0000ca    program     static C:\Users\Pedro Lima\Desktop\Relogio_cronometro_micro\definitivo.asm
                    delay   0x0000cf    program     static C:\Users\Pedro Lima\Desktop\Relogio_cronometro_micro\definitivo.asm
                  dec_lcd   0x000200    program     static C:\Users\Pedro Lima\Desktop\Relogio_cronometro_micro\definitivo.asm


